// Jest Snapshot v1, https://goo.gl/fbAQLP

exports[`List Factory returns a List instance 1`] = `
Post {
  "body": "est rerum tempore vitae
sequi sint nihil reprehenderit dolor beatae ea dolores neque
fugiat blanditiis voluptate porro vel nihil molestiae ut reiciendis
qui aperiam non debitis possimus qui neque nisi nulla",
  "date": "01-02-2021",
  "featuredImage": "https://picsum.photos/900/506?image=1081",
  "images": Array [
    Object {
      "img": "https://picsum.photos/900/506?image=1082",
    },
    Object {
      "img": "https://picsum.photos/900/506?image=1083",
    },
  ],
  "lead": "Lorem ipsum",
  "postId": 2,
  "title": "qui est esse",
  "userId": 1,
}
`;
